----------------------------------------------------------------------------------
                      signoffTimeDesign Summary
----------------------------------------------------------------------------------

+--------------------+-----------+-----------+-----------+-----------+-----------+
|     Setup mode     |   all     | reg2reg   |  in2reg   | reg2out   |  in2out   |
+--------------------+-----------+-----------+-----------+-----------+-----------+
|           WNS (ns):|     1.850 |     1.850 |     8.644 |     4.323 |       N/A |
|           TNS (ns):|     0.000 |     0.000 |     0.000 |     0.000 |       N/A |
|    Violating Paths:|         0 |         0 |         0 |         0 |         0 |
+--------------------+-----------+-----------+-----------+-----------+-----------+
|wc_view             |     1.850 |     1.850 |     8.644 |     4.323 |       N/A |
|                    |     0.000 |     0.000 |     0.000 |     0.000 |       N/A |
|                    |         0 |         0 |         0 |         0 |         0 |
+--------------------+-----------+-----------+-----------+-----------+-----------+

+----------------+-------------------------------+-------------------------------+
|                |         Signal nets           |            Clock nets         |
|    DRVs        +------------------+------------+------------------+------------+
|                |  Nr nets(terms)  | Worst Vio  |  Nr nets(terms)  | Worst Vio  |
+----------------+------------------+------------+------------------+------------+
|   max_cap      |      0 (      0) |          0 |      0 (      0) |          0 |
|   max_tran     |      1 (      2) |     -0.009 |      0 (      0) |          0 |
|   max_fanout   |      0 (      0) |          0 |      0 (      0) |          0 |
+----------------+------------------+------------+------------------+------------+

+--------------------+-----------+-----------+-----------+-----------+-----------+
|      Hold mode     |   all     | reg2reg   |  in2reg   | reg2out   |  in2out   |
+--------------------+-----------+-----------+-----------+-----------+-----------+
|           WNS (ns):|     0.090 |     0.090 |     0.139 |     0.101 |       N/A |
|           TNS (ns):|     0.000 |     0.000 |     0.000 |     0.000 |       N/A |
|    Violating Paths:|         0 |         0 |         0 |         0 |         0 |
+--------------------+-----------+-----------+-----------+-----------+-----------+
|bc_view             |     0.090 |     0.090 |     0.139 |     0.101 |       N/A |
|                    |     0.000 |     0.000 |     0.000 |     0.000 |       N/A |
|                    |         0 |         0 |         0 |         0 |         0 |
+--------------------+-----------+-----------+-----------+-----------+-----------+

