----------------------------------------------------------------------------------
                      signoffTimeDesign Summary
----------------------------------------------------------------------------------

+--------------------+-----------+-----------+-----------+-----------+-----------+
|     Setup mode     |   all     | reg2reg   |  in2reg   | reg2out   |  in2out   |
+--------------------+-----------+-----------+-----------+-----------+-----------+
|           WNS (ns):|     1.773 |     1.773 |     8.432 |     3.977 |       N/A |
|           TNS (ns):|     0.000 |     0.000 |     0.000 |     0.000 |       N/A |
|    Violating Paths:|         0 |         0 |         0 |         0 |         0 |
+--------------------+-----------+-----------+-----------+-----------+-----------+
|wc_view             |     1.773 |     1.773 |     8.432 |     3.977 |       N/A |
|                    |     0.000 |     0.000 |     0.000 |     0.000 |       N/A |
|                    |         0 |         0 |         0 |         0 |         0 |
+--------------------+-----------+-----------+-----------+-----------+-----------+

+----------------+-------------------------------+-------------------------------+
|                |         Signal nets           |            Clock nets         |
|    DRVs        +------------------+------------+------------------+------------+
|                |  Nr nets(terms)  | Worst Vio  |  Nr nets(terms)  | Worst Vio  |
+----------------+------------------+------------+------------------+------------+
|   max_cap      |      0 (      0) |          0 |      0 (      0) |          0 |
|   max_tran     |     36 (    113) |     -0.414 |      0 (      0) |          0 |
|   max_fanout   |      0 (      0) |          0 |      0 (      0) |          0 |
+----------------+------------------+------------+------------------+------------+

+--------------------+-----------+-----------+-----------+-----------+-----------+
|      Hold mode     |   all     | reg2reg   |  in2reg   | reg2out   |  in2out   |
+--------------------+-----------+-----------+-----------+-----------+-----------+
|           WNS (ns):|     0.034 |     0.034 |     0.099 |     0.102 |       N/A |
|           TNS (ns):|     0.000 |     0.000 |     0.000 |     0.000 |       N/A |
|    Violating Paths:|         0 |         0 |         0 |         0 |         0 |
+--------------------+-----------+-----------+-----------+-----------+-----------+
|bc_view             |     0.034 |     0.034 |     0.099 |     0.102 |       N/A |
|                    |     0.000 |     0.000 |     0.000 |     0.000 |       N/A |
|                    |         0 |         0 |         0 |         0 |         0 |
+--------------------+-----------+-----------+-----------+-----------+-----------+

